interactions:
- request:
    body: title=ham+burglars
    headers:
      Accept: ['*/*']
      Accept-Encoding: ['gzip, deflate']
      Authorization: [Bearer __MASTODON_PY_TEST_ACCESS_TOKEN]
      Connection: [keep-alive]
      Content-Length: ['18']
      Content-Type: [application/x-www-form-urlencoded]
      User-Agent: [python-requests/2.18.4]
    method: POST
    uri: http://localhost:3000/api/v1/lists
  response:
    body: {string: '{"id":"25","title":"ham burglars"}'}
    headers:
      Cache-Control: ['no-cache, no-store']
      Content-Type: [application/json; charset=utf-8]
      Referrer-Policy: [strict-origin-when-cross-origin]
      Transfer-Encoding: [chunked]
      Vary: ['Accept-Encoding, Origin']
      X-Content-Type-Options: [nosniff]
      X-Download-Options: [noopen]
      X-Frame-Options: [SAMEORIGIN]
      X-Permitted-Cross-Domain-Policies: [none]
      X-Request-Id: [ba48641d-cf50-4b83-8560-08981737cf88]
      X-Runtime: ['0.021952']
      X-XSS-Protection: [1; mode=block]
      content-length: ['34']
    status: {code: 200, message: OK}
- request:
    body: null
    headers:
      Accept: ['*/*']
      Accept-Encoding: ['gzip, deflate']
      Authorization: [Bearer __MASTODON_PY_TEST_ACCESS_TOKEN_2]
      Connection: [keep-alive]
      User-Agent: [python-requests/2.18.4]
    method: GET
    uri: http://localhost:3000/api/v1/accounts/verify_credentials
  response:
    body: {string: '{"id":"1","username":"admin","acct":"admin","display_name":"","locked":false,"bot":false,"created_at":"2019-06-22T12:42:50.096Z","note":"\u003cp\u003e\u003c/p\u003e","url":"http://localhost/@admin","avatar":"http://localhost/avatars/original/missing.png","avatar_static":"http://localhost/avatars/original/missing.png","header":"http://localhost/headers/original/missing.png","header_static":"http://localhost/headers/original/missing.png","followers_count":2,"following_count":1,"statuses_count":16,"source":{"privacy":"public","sensitive":false,"language":null,"note":"","fields":[]},"emojis":[],"fields":[]}'}
    headers:
      Cache-Control: ['no-cache, no-store']
      Content-Type: [application/json; charset=utf-8]
      Referrer-Policy: [strict-origin-when-cross-origin]
      Transfer-Encoding: [chunked]
      Vary: ['Accept-Encoding, Origin']
      X-Content-Type-Options: [nosniff]
      X-Download-Options: [noopen]
      X-Frame-Options: [SAMEORIGIN]
      X-Permitted-Cross-Domain-Policies: [none]
      X-Request-Id: [78e34f89-3407-4a87-b9c3-abb13551f476]
      X-Runtime: ['0.022950']
      X-XSS-Protection: [1; mode=block]
      content-length: ['610']
    status: {code: 200, message: OK}
- request:
    body: reblogs=1&id=1
    headers:
      Accept: ['*/*']
      Accept-Encoding: ['gzip, deflate']
      Authorization: [Bearer __MASTODON_PY_TEST_ACCESS_TOKEN]
      Connection: [keep-alive]
      Content-Length: ['14']
      Content-Type: [application/x-www-form-urlencoded]
      User-Agent: [python-requests/2.18.4]
    method: POST
    uri: http://localhost:3000/api/v1/accounts/1/follow
  response:
    body: {string: '{"id":"1","following":true,"showing_reblogs":true,"followed_by":false,"blocking":false,"blocked_by":false,"muting":false,"muting_notifications":false,"requested":false,"domain_blocking":false,"endorsed":false}'}
    headers:
      Cache-Control: ['no-cache, no-store']
      Content-Type: [application/json; charset=utf-8]
      Referrer-Policy: [strict-origin-when-cross-origin]
      Transfer-Encoding: [chunked]
      Vary: ['Accept-Encoding, Origin']
      X-Content-Type-Options: [nosniff]
      X-Download-Options: [noopen]
      X-Frame-Options: [SAMEORIGIN]
      X-Permitted-Cross-Domain-Policies: [none]
      X-Request-Id: [c00a31f9-1a7b-4ed0-a1e0-28e5352a24f3]
      X-Runtime: ['0.070776']
      X-XSS-Protection: [1; mode=block]
      content-length: ['209']
    status: {code: 200, message: OK}
- request:
    body: account_ids%5B%5D=1
    headers:
      Accept: ['*/*']
      Accept-Encoding: ['gzip, deflate']
      Authorization: [Bearer __MASTODON_PY_TEST_ACCESS_TOKEN]
      Connection: [keep-alive]
      Content-Length: ['19']
      Content-Type: [application/x-www-form-urlencoded]
      User-Agent: [python-requests/2.18.4]
    method: POST
    uri: http://localhost:3000/api/v1/lists/25/accounts
  response:
    body: {string: '{}'}
    headers:
      Cache-Control: ['no-cache, no-store']
      Content-Type: [application/json; charset=utf-8]
      Referrer-Policy: [strict-origin-when-cross-origin]
      Transfer-Encoding: [chunked]
      Vary: ['Accept-Encoding, Origin']
      X-Content-Type-Options: [nosniff]
      X-Download-Options: [noopen]
      X-Frame-Options: [SAMEORIGIN]
      X-Permitted-Cross-Domain-Policies: [none]
      X-Request-Id: [05f3227d-bb62-4807-b6f4-2546522abac6]
      X-Runtime: ['0.075572']
      X-XSS-Protection: [1; mode=block]
      content-length: ['2']
    status: {code: 200, message: OK}
- request:
    body: visibility=public&status=I+have+never+stolen+a+ham+in+my+life.
    headers:
      Accept: ['*/*']
      Accept-Encoding: ['gzip, deflate']
      Authorization: [Bearer __MASTODON_PY_TEST_ACCESS_TOKEN_2]
      Connection: [keep-alive]
      Content-Length: ['62']
      Content-Type: [application/x-www-form-urlencoded]
      User-Agent: [python-requests/2.18.4]
    method: POST
    uri: http://localhost:3000/api/v1/statuses
  response:
    body: {string: '{"id":"102317290726462285","created_at":"2019-06-22T21:12:36.659Z","in_reply_to_id":null,"in_reply_to_account_id":null,"sensitive":false,"spoiler_text":"","visibility":"public","language":"en","uri":"http://localhost/users/admin/statuses/102317290726462285","url":"http://localhost/@admin/102317290726462285","replies_count":0,"reblogs_count":0,"favourites_count":0,"favourited":false,"reblogged":false,"muted":false,"pinned":false,"content":"\u003cp\u003eI
        have never stolen a ham in my life.\u003c/p\u003e","reblog":null,"application":{"name":"Mastodon.py
        test suite","website":null},"account":{"id":"1","username":"admin","acct":"admin","display_name":"","locked":false,"bot":false,"created_at":"2019-06-22T12:42:50.096Z","note":"\u003cp\u003e\u003c/p\u003e","url":"http://localhost/@admin","avatar":"http://localhost/avatars/original/missing.png","avatar_static":"http://localhost/avatars/original/missing.png","header":"http://localhost/headers/original/missing.png","header_static":"http://localhost/headers/original/missing.png","followers_count":3,"following_count":1,"statuses_count":17,"emojis":[],"fields":[]},"media_attachments":[],"mentions":[],"tags":[],"emojis":[],"card":null,"poll":null}'}
    headers:
      Cache-Control: ['no-cache, no-store']
      Content-Type: [application/json; charset=utf-8]
      Referrer-Policy: [strict-origin-when-cross-origin]
      Transfer-Encoding: [chunked]
      Vary: ['Accept-Encoding, Origin']
      X-Content-Type-Options: [nosniff]
      X-Download-Options: [noopen]
      X-Frame-Options: [SAMEORIGIN]
      X-Permitted-Cross-Domain-Policies: [none]
      X-Request-Id: [6f69bb85-4635-4e9e-9a42-f26e4b683727]
      X-Runtime: ['0.178400']
      X-XSS-Protection: [1; mode=block]
      content-length: ['1204']
    status: {code: 200, message: OK}
- request:
    body: null
    headers:
      Accept: ['*/*']
      Accept-Encoding: ['gzip, deflate']
      Authorization: [Bearer __MASTODON_PY_TEST_ACCESS_TOKEN]
      Connection: [keep-alive]
      User-Agent: [python-requests/2.18.4]
    method: GET
    uri: http://localhost:3000/api/v1/timelines/list/25
  response:
    body: {string: '[{"id":"102317290726462285","created_at":"2019-06-22T21:12:36.659Z","in_reply_to_id":null,"in_reply_to_account_id":null,"sensitive":false,"spoiler_text":"","visibility":"public","language":"en","uri":"http://localhost/users/admin/statuses/102317290726462285","url":"http://localhost/@admin/102317290726462285","replies_count":0,"reblogs_count":0,"favourites_count":0,"favourited":false,"reblogged":false,"muted":false,"content":"\u003cp\u003eI
        have never stolen a ham in my life.\u003c/p\u003e","reblog":null,"application":{"name":"Mastodon.py
        test suite","website":null},"account":{"id":"1","username":"admin","acct":"admin","display_name":"","locked":false,"bot":false,"created_at":"2019-06-22T12:42:50.096Z","note":"\u003cp\u003e\u003c/p\u003e","url":"http://localhost/@admin","avatar":"http://localhost/avatars/original/missing.png","avatar_static":"http://localhost/avatars/original/missing.png","header":"http://localhost/headers/original/missing.png","header_static":"http://localhost/headers/original/missing.png","followers_count":3,"following_count":1,"statuses_count":17,"emojis":[],"fields":[]},"media_attachments":[],"mentions":[],"tags":[],"emojis":[],"card":null,"poll":null}]'}
    headers:
      Cache-Control: ['no-cache, no-store']
      Content-Type: [application/json; charset=utf-8]
      Link: ['<http://localhost:3000/api/v1/timelines/list/25?max_id=102317290726462285>;
          rel="next", <http://localhost:3000/api/v1/timelines/list/25?min_id=102317290726462285>;
          rel="prev"']
      Referrer-Policy: [strict-origin-when-cross-origin]
      Transfer-Encoding: [chunked]
      Vary: ['Accept-Encoding, Origin']
      X-Content-Type-Options: [nosniff]
      X-Download-Options: [noopen]
      X-Frame-Options: [SAMEORIGIN]
      X-Permitted-Cross-Domain-Policies: [none]
      X-Request-Id: [65f03835-bd09-49c8-9a7c-7e912e4ddbe2]
      X-Runtime: ['0.062445']
      X-XSS-Protection: [1; mode=block]
      content-length: ['1191']
    status: {code: 200, message: OK}
- request:
    body: null
    headers:
      Accept: ['*/*']
      Accept-Encoding: ['gzip, deflate']
      Authorization: [Bearer __MASTODON_PY_TEST_ACCESS_TOKEN_2]
      Connection: [keep-alive]
      Content-Length: ['0']
      User-Agent: [python-requests/2.18.4]
    method: DELETE
    uri: http://localhost:3000/api/v1/statuses/102317290726462285
  response:
    body: {string: '{"id":"102317290726462285","created_at":"2019-06-22T21:12:36.659Z","in_reply_to_id":null,"in_reply_to_account_id":null,"sensitive":false,"spoiler_text":"","visibility":"public","language":"en","uri":"http://localhost/users/admin/statuses/102317290726462285","url":"http://localhost/@admin/102317290726462285","replies_count":0,"reblogs_count":0,"favourites_count":0,"favourited":false,"reblogged":false,"muted":false,"pinned":false,"text":"I
        have never stolen a ham in my life.","reblog":null,"application":{"name":"Mastodon.py
        test suite","website":null},"account":{"id":"1","username":"admin","acct":"admin","display_name":"","locked":false,"bot":false,"created_at":"2019-06-22T12:42:50.096Z","note":"\u003cp\u003e\u003c/p\u003e","url":"http://localhost/@admin","avatar":"http://localhost/avatars/original/missing.png","avatar_static":"http://localhost/avatars/original/missing.png","header":"http://localhost/headers/original/missing.png","header_static":"http://localhost/headers/original/missing.png","followers_count":3,"following_count":1,"statuses_count":17,"emojis":[],"fields":[]},"media_attachments":[],"mentions":[],"tags":[],"emojis":[],"card":null,"poll":null}'}
    headers:
      Cache-Control: ['no-cache, no-store']
      Content-Type: [application/json; charset=utf-8]
      Referrer-Policy: [strict-origin-when-cross-origin]
      Transfer-Encoding: [chunked]
      Vary: ['Accept-Encoding, Origin']
      X-Content-Type-Options: [nosniff]
      X-Download-Options: [noopen]
      X-Frame-Options: [SAMEORIGIN]
      X-Permitted-Cross-Domain-Policies: [none]
      X-Request-Id: [e62f4641-cdda-490b-9966-df6bb8127144]
      X-Runtime: ['0.079065']
      X-XSS-Protection: [1; mode=block]
      content-length: ['1174']
    status: {code: 200, message: OK}
- request:
    body: null
    headers:
      Accept: ['*/*']
      Accept-Encoding: ['gzip, deflate']
      Authorization: [Bearer __MASTODON_PY_TEST_ACCESS_TOKEN]
      Connection: [keep-alive]
      Content-Length: ['0']
      User-Agent: [python-requests/2.18.4]
    method: POST
    uri: http://localhost:3000/api/v1/accounts/1/unfollow
  response:
    body: {string: '{"id":"1","following":false,"showing_reblogs":false,"followed_by":false,"blocking":false,"blocked_by":false,"muting":false,"muting_notifications":false,"requested":false,"domain_blocking":false,"endorsed":false}'}
    headers:
      Cache-Control: ['no-cache, no-store']
      Content-Type: [application/json; charset=utf-8]
      Referrer-Policy: [strict-origin-when-cross-origin]
      Transfer-Encoding: [chunked]
      Vary: ['Accept-Encoding, Origin']
      X-Content-Type-Options: [nosniff]
      X-Download-Options: [noopen]
      X-Frame-Options: [SAMEORIGIN]
      X-Permitted-Cross-Domain-Policies: [none]
      X-Request-Id: [85c8a500-8c01-4053-9782-cd28a56d23d5]
      X-Runtime: ['0.088744']
      X-XSS-Protection: [1; mode=block]
      content-length: ['211']
    status: {code: 200, message: OK}
- request:
    body: null
    headers:
      Accept: ['*/*']
      Accept-Encoding: ['gzip, deflate']
      Authorization: [Bearer __MASTODON_PY_TEST_ACCESS_TOKEN]
      Connection: [keep-alive]
      Content-Length: ['0']
      User-Agent: [python-requests/2.18.4]
    method: DELETE
    uri: http://localhost:3000/api/v1/lists/25
  response:
    body: {string: '{}'}
    headers:
      Cache-Control: ['no-cache, no-store']
      Content-Type: [application/json; charset=utf-8]
      Referrer-Policy: [strict-origin-when-cross-origin]
      Transfer-Encoding: [chunked]
      Vary: ['Accept-Encoding, Origin']
      X-Content-Type-Options: [nosniff]
      X-Download-Options: [noopen]
      X-Frame-Options: [SAMEORIGIN]
      X-Permitted-Cross-Domain-Policies: [none]
      X-Request-Id: [0004f8b3-73e1-444f-8aff-cc2d20798dca]
      X-Runtime: ['0.021890']
      X-XSS-Protection: [1; mode=block]
      content-length: ['2']
    status: {code: 200, message: OK}
version: 1
