interactions:
- request:
    body: status=Toot%21
    headers:
      Accept: ['*/*']
      Accept-Encoding: ['gzip, deflate']
      Authorization: [Bearer __MASTODON_PY_TEST_ACCESS_TOKEN]
      Connection: [keep-alive]
      Content-Length: ['14']
      Content-Type: [application/x-www-form-urlencoded]
      User-Agent: [python-requests/2.18.4]
    method: POST
    uri: http://localhost:3000/api/v1/statuses
  response:
    body: {string: '{"id":"102317296671226611","created_at":"2019-06-22T21:14:07.357Z","in_reply_to_id":null,"in_reply_to_account_id":null,"sensitive":false,"spoiler_text":"","visibility":"public","language":"ja","uri":"http://localhost/users/mastodonpy_test/statuses/102317296671226611","url":"http://localhost/@mastodonpy_test/102317296671226611","replies_count":0,"reblogs_count":0,"favourites_count":0,"favourited":false,"reblogged":false,"muted":false,"pinned":false,"content":"\u003cp\u003eToot!\u003c/p\u003e","reblog":null,"application":{"name":"Mastodon.py
        test suite","website":null},"account":{"id":"1234567890123456","username":"mastodonpy_test","acct":"mastodonpy_test","display_name":"","locked":false,"bot":false,"created_at":"2019-06-22T23:11:52.441Z","note":"\u003cp\u003e\u003c/p\u003e","url":"http://localhost/@mastodonpy_test","avatar":"http://localhost/avatars/original/missing.png","avatar_static":"http://localhost/avatars/original/missing.png","header":"http://localhost/headers/original/missing.png","header_static":"http://localhost/headers/original/missing.png","followers_count":0,"following_count":0,"statuses_count":2,"emojis":[],"fields":[]},"media_attachments":[],"mentions":[],"tags":[],"emojis":[],"card":null,"poll":null}'}
    headers:
      Cache-Control: ['no-cache, no-store']
      Content-Type: [application/json; charset=utf-8]
      Referrer-Policy: [strict-origin-when-cross-origin]
      Transfer-Encoding: [chunked]
      Vary: ['Accept-Encoding, Origin']
      X-Content-Type-Options: [nosniff]
      X-Download-Options: [noopen]
      X-Frame-Options: [SAMEORIGIN]
      X-Permitted-Cross-Domain-Policies: [none]
      X-Request-Id: [89191561-c440-4144-b27d-50b04f72ad1c]
      X-Runtime: ['0.155777']
      X-XSS-Protection: [1; mode=block]
      content-length: ['1236']
    status: {code: 200, message: OK}
- request:
    body: null
    headers:
      Accept: ['*/*']
      Accept-Encoding: ['gzip, deflate']
      Authorization: [Bearer __MASTODON_PY_TEST_ACCESS_TOKEN]
      Connection: [keep-alive]
      User-Agent: [python-requests/2.18.4]
    method: GET
    uri: http://localhost:3000/api/v1/timelines/public
  response:
    body: {string: '[{"id":"102317296671226611","created_at":"2019-06-22T21:14:07.357Z","in_reply_to_id":null,"in_reply_to_account_id":null,"sensitive":false,"spoiler_text":"","visibility":"public","language":"ja","uri":"http://localhost/users/mastodonpy_test/statuses/102317296671226611","url":"http://localhost/@mastodonpy_test/102317296671226611","replies_count":0,"reblogs_count":0,"favourites_count":0,"favourited":false,"reblogged":false,"muted":false,"pinned":false,"content":"\u003cp\u003eToot!\u003c/p\u003e","reblog":null,"application":{"name":"Mastodon.py
        test suite","website":null},"account":{"id":"1234567890123456","username":"mastodonpy_test","acct":"mastodonpy_test","display_name":"","locked":false,"bot":false,"created_at":"2019-06-22T23:11:52.441Z","note":"\u003cp\u003e\u003c/p\u003e","url":"http://localhost/@mastodonpy_test","avatar":"http://localhost/avatars/original/missing.png","avatar_static":"http://localhost/avatars/original/missing.png","header":"http://localhost/headers/original/missing.png","header_static":"http://localhost/headers/original/missing.png","followers_count":0,"following_count":0,"statuses_count":2,"emojis":[],"fields":[]},"media_attachments":[],"mentions":[],"tags":[],"emojis":[],"card":null,"poll":null},{"id":"102317295313454223","created_at":"2019-06-22T21:13:46.644Z","in_reply_to_id":null,"in_reply_to_account_id":null,"sensitive":false,"spoiler_text":"","visibility":"public","language":"ja","uri":"http://localhost/users/mastodonpy_test/statuses/102317295313454223","url":"http://localhost/@mastodonpy_test/102317295313454223","replies_count":0,"reblogs_count":0,"favourites_count":0,"favourited":false,"reblogged":false,"muted":false,"pinned":false,"content":"\u003cp\u003eit\u0026apos;s
        cool guy\u003c/p\u003e","reblog":null,"application":{"name":"Mastodon.py test
        suite","website":null},"account":{"id":"1234567890123456","username":"mastodonpy_test","acct":"mastodonpy_test","display_name":"","locked":false,"bot":false,"created_at":"2019-06-22T23:11:52.441Z","note":"\u003cp\u003e\u003c/p\u003e","url":"http://localhost/@mastodonpy_test","avatar":"http://localhost/avatars/original/missing.png","avatar_static":"http://localhost/avatars/original/missing.png","header":"http://localhost/headers/original/missing.png","header_static":"http://localhost/headers/original/missing.png","followers_count":0,"following_count":0,"statuses_count":2,"emojis":[],"fields":[]},"media_attachments":[],"mentions":[],"tags":[],"emojis":[],"card":null,"poll":null},{"id":"102317294022170445","created_at":"2019-06-22T21:13:26.942Z","in_reply_to_id":null,"in_reply_to_account_id":null,"sensitive":false,"spoiler_text":"","visibility":"public","language":"en","uri":"http://localhost/users/admin/statuses/102317294022170445","url":"http://localhost/@admin/102317294022170445","replies_count":0,"reblogs_count":0,"favourites_count":0,"favourited":false,"reblogged":false,"muted":false,"content":"\u003cp\u003eon
        the internet, nobody knows you\u0026apos;re a plane\u003c/p\u003e","reblog":null,"application":{"name":"Mastodon.py
        test suite","website":null},"account":{"id":"1","username":"admin","acct":"admin","display_name":"","locked":false,"bot":false,"created_at":"2019-06-22T12:42:50.096Z","note":"\u003cp\u003e\u003c/p\u003e","url":"http://localhost/@admin","avatar":"http://localhost/avatars/original/missing.png","avatar_static":"http://localhost/avatars/original/missing.png","header":"http://localhost/headers/original/missing.png","header_static":"http://localhost/headers/original/missing.png","followers_count":2,"following_count":1,"statuses_count":19,"emojis":[],"fields":[]},"media_attachments":[],"mentions":[],"tags":[],"emojis":[],"card":null,"poll":null},{"id":"102317294005876209","created_at":"2019-06-22T21:13:26.706Z","in_reply_to_id":null,"in_reply_to_account_id":null,"sensitive":false,"spoiler_text":"","visibility":"public","language":"en","uri":"http://localhost/users/admin/statuses/102317294005876209","url":"http://localhost/@admin/102317294005876209","replies_count":0,"reblogs_count":0,"favourites_count":0,"favourited":false,"reblogged":false,"muted":false,"content":"\u003cp\u003e\u003cspan
        class=\"h-card\"\u003e\u003ca href=\"http://localhost/@mastodonpy_test\" class=\"u-url
        mention\"\u003e@\u003cspan\u003emastodonpy_test\u003c/span\u003e\u003c/a\u003e\u003c/span\u003e
        beep beep I\u0026apos;m a jeep\u003c/p\u003e","reblog":null,"application":{"name":"Mastodon.py
        test suite","website":null},"account":{"id":"1","username":"admin","acct":"admin","display_name":"","locked":false,"bot":false,"created_at":"2019-06-22T12:42:50.096Z","note":"\u003cp\u003e\u003c/p\u003e","url":"http://localhost/@admin","avatar":"http://localhost/avatars/original/missing.png","avatar_static":"http://localhost/avatars/original/missing.png","header":"http://localhost/headers/original/missing.png","header_static":"http://localhost/headers/original/missing.png","followers_count":2,"following_count":1,"statuses_count":19,"emojis":[],"fields":[]},"media_attachments":[],"mentions":[{"id":"1234567890123456","username":"mastodonpy_test","url":"http://localhost/@mastodonpy_test","acct":"mastodonpy_test"}],"tags":[],"emojis":[],"card":null,"poll":null},{"id":"102317292327454763","created_at":"2019-06-22T21:13:01.083Z","in_reply_to_id":null,"in_reply_to_account_id":null,"sensitive":false,"spoiler_text":"","visibility":"public","language":"en","uri":"http://localhost/users/admin/statuses/102317292327454763","url":"http://localhost/@admin/102317292327454763","replies_count":0,"reblogs_count":0,"favourites_count":0,"favourited":false,"reblogged":false,"muted":false,"content":"\u003cp\u003enice\u003c/p\u003e","reblog":null,"application":{"name":"Mastodon.py
        test suite","website":null},"account":{"id":"1","username":"admin","acct":"admin","display_name":"","locked":false,"bot":false,"created_at":"2019-06-22T12:42:50.096Z","note":"\u003cp\u003e\u003c/p\u003e","url":"http://localhost/@admin","avatar":"http://localhost/avatars/original/missing.png","avatar_static":"http://localhost/avatars/original/missing.png","header":"http://localhost/headers/original/missing.png","header_static":"http://localhost/headers/original/missing.png","followers_count":2,"following_count":1,"statuses_count":19,"emojis":[],"fields":[]},"media_attachments":[],"mentions":[],"tags":[],"emojis":[],"card":null,"poll":{"id":"16","expires_at":"2019-06-22T21:18:01.074Z","expired":false,"multiple":false,"votes_count":1,"voted":true,"options":[{"title":"four
        twenty","votes_count":0},{"title":"sixty-nine","votes_count":1}],"emojis":[]}},{"id":"102317281903571697","created_at":"2019-06-22T21:10:22.023Z","in_reply_to_id":null,"in_reply_to_account_id":null,"sensitive":false,"spoiler_text":"","visibility":"public","language":"en","uri":"http://localhost/users/admin/statuses/102317281903571697","url":"http://localhost/@admin/102317281903571697","replies_count":0,"reblogs_count":0,"favourites_count":0,"favourited":false,"reblogged":false,"muted":false,"content":"\u003cp\u003enice\u003c/p\u003e","reblog":null,"application":{"name":"Mastodon.py
        test suite","website":null},"account":{"id":"1","username":"admin","acct":"admin","display_name":"","locked":false,"bot":false,"created_at":"2019-06-22T12:42:50.096Z","note":"\u003cp\u003e\u003c/p\u003e","url":"http://localhost/@admin","avatar":"http://localhost/avatars/original/missing.png","avatar_static":"http://localhost/avatars/original/missing.png","header":"http://localhost/headers/original/missing.png","header_static":"http://localhost/headers/original/missing.png","followers_count":2,"following_count":1,"statuses_count":19,"emojis":[],"fields":[]},"media_attachments":[],"mentions":[],"tags":[],"emojis":[],"card":null,"poll":{"id":"14","expires_at":"2019-06-22T21:15:22.016Z","expired":false,"multiple":false,"votes_count":0,"voted":false,"options":[{"title":"four
        twenty","votes_count":0},{"title":"sixty-nine","votes_count":0}],"emojis":[]}},{"id":"102317281876282428","created_at":"2019-06-22T21:10:21.614Z","in_reply_to_id":null,"in_reply_to_account_id":null,"sensitive":false,"spoiler_text":"","visibility":"public","language":"en","uri":"http://localhost/users/admin/statuses/102317281876282428","url":"http://localhost/@admin/102317281876282428","replies_count":0,"reblogs_count":0,"favourites_count":0,"favourited":false,"reblogged":false,"muted":false,"content":"\u003cp\u003enice\u003c/p\u003e","reblog":null,"application":{"name":"Mastodon.py
        test suite","website":null},"account":{"id":"1","username":"admin","acct":"admin","display_name":"","locked":false,"bot":false,"created_at":"2019-06-22T12:42:50.096Z","note":"\u003cp\u003e\u003c/p\u003e","url":"http://localhost/@admin","avatar":"http://localhost/avatars/original/missing.png","avatar_static":"http://localhost/avatars/original/missing.png","header":"http://localhost/headers/original/missing.png","header_static":"http://localhost/headers/original/missing.png","followers_count":2,"following_count":1,"statuses_count":19,"emojis":[],"fields":[]},"media_attachments":[],"mentions":[],"tags":[],"emojis":[],"card":null,"poll":{"id":"13","expires_at":"2019-06-22T21:15:21.605Z","expired":false,"multiple":true,"votes_count":0,"voted":false,"options":[{"title":"four
        twenty","votes_count":0},{"title":"sixty-nine","votes_count":0}],"emojis":[]}},{"id":"102317274400998453","created_at":"2019-06-22T21:08:27.546Z","in_reply_to_id":null,"in_reply_to_account_id":null,"sensitive":false,"spoiler_text":"","visibility":"public","language":"en","uri":"http://localhost/users/admin/statuses/102317274400998453","url":"http://localhost/@admin/102317274400998453","replies_count":0,"reblogs_count":0,"favourites_count":0,"favourited":false,"reblogged":false,"muted":false,"content":"\u003cp\u003eon
        the internet, nobody knows you\u0026apos;re a plane\u003c/p\u003e","reblog":null,"application":{"name":"Mastodon.py
        test suite","website":null},"account":{"id":"1","username":"admin","acct":"admin","display_name":"","locked":false,"bot":false,"created_at":"2019-06-22T12:42:50.096Z","note":"\u003cp\u003e\u003c/p\u003e","url":"http://localhost/@admin","avatar":"http://localhost/avatars/original/missing.png","avatar_static":"http://localhost/avatars/original/missing.png","header":"http://localhost/headers/original/missing.png","header_static":"http://localhost/headers/original/missing.png","followers_count":2,"following_count":1,"statuses_count":19,"emojis":[],"fields":[]},"media_attachments":[],"mentions":[],"tags":[],"emojis":[],"card":null,"poll":null},{"id":"102317274389405147","created_at":"2019-06-22T21:08:27.368Z","in_reply_to_id":null,"in_reply_to_account_id":null,"sensitive":false,"spoiler_text":"","visibility":"public","language":"en","uri":"http://localhost/users/admin/statuses/102317274389405147","url":"http://localhost/@admin/102317274389405147","replies_count":0,"reblogs_count":0,"favourites_count":0,"favourited":false,"reblogged":false,"muted":false,"content":"\u003cp\u003e@mastodonpy_test
        beep beep I\u0026apos;m a jeep\u003c/p\u003e","reblog":null,"application":{"name":"Mastodon.py
        test suite","website":null},"account":{"id":"1","username":"admin","acct":"admin","display_name":"","locked":false,"bot":false,"created_at":"2019-06-22T12:42:50.096Z","note":"\u003cp\u003e\u003c/p\u003e","url":"http://localhost/@admin","avatar":"http://localhost/avatars/original/missing.png","avatar_static":"http://localhost/avatars/original/missing.png","header":"http://localhost/headers/original/missing.png","header_static":"http://localhost/headers/original/missing.png","followers_count":2,"following_count":1,"statuses_count":19,"emojis":[],"fields":[]},"media_attachments":[],"mentions":[],"tags":[],"emojis":[],"card":null,"poll":null},{"id":"102317272714473378","created_at":"2019-06-22T21:08:01.815Z","in_reply_to_id":null,"in_reply_to_account_id":null,"sensitive":false,"spoiler_text":"","visibility":"public","language":"en","uri":"http://localhost/users/admin/statuses/102317272714473378","url":"http://localhost/@admin/102317272714473378","replies_count":0,"reblogs_count":0,"favourites_count":0,"favourited":false,"reblogged":false,"muted":false,"content":"\u003cp\u003enice\u003c/p\u003e","reblog":null,"application":{"name":"Mastodon.py
        test suite","website":null},"account":{"id":"1","username":"admin","acct":"admin","display_name":"","locked":false,"bot":false,"created_at":"2019-06-22T12:42:50.096Z","note":"\u003cp\u003e\u003c/p\u003e","url":"http://localhost/@admin","avatar":"http://localhost/avatars/original/missing.png","avatar_static":"http://localhost/avatars/original/missing.png","header":"http://localhost/headers/original/missing.png","header_static":"http://localhost/headers/original/missing.png","followers_count":2,"following_count":1,"statuses_count":19,"emojis":[],"fields":[]},"media_attachments":[],"mentions":[],"tags":[],"emojis":[],"card":null,"poll":{"id":"12","expires_at":"2019-06-22T21:13:01.805Z","expired":true,"multiple":false,"votes_count":1,"voted":false,"options":[{"title":"four
        twenty","votes_count":0},{"title":"sixty-nine","votes_count":1}],"emojis":[]}},{"id":"102317229036335245","created_at":"2019-06-22T20:56:55.333Z","in_reply_to_id":null,"in_reply_to_account_id":null,"sensitive":false,"spoiler_text":"","visibility":"public","language":"en","uri":"http://localhost/users/admin/statuses/102317229036335245","url":"http://localhost/@admin/102317229036335245","replies_count":0,"reblogs_count":0,"favourites_count":0,"favourited":false,"reblogged":false,"muted":false,"content":"\u003cp\u003enice\u003c/p\u003e","reblog":null,"application":{"name":"Mastodon.py
        test suite","website":null},"account":{"id":"1","username":"admin","acct":"admin","display_name":"","locked":false,"bot":false,"created_at":"2019-06-22T12:42:50.096Z","note":"\u003cp\u003e\u003c/p\u003e","url":"http://localhost/@admin","avatar":"http://localhost/avatars/original/missing.png","avatar_static":"http://localhost/avatars/original/missing.png","header":"http://localhost/headers/original/missing.png","header_static":"http://localhost/headers/original/missing.png","followers_count":2,"following_count":1,"statuses_count":19,"emojis":[],"fields":[]},"media_attachments":[],"mentions":[],"tags":[],"emojis":[],"card":null,"poll":{"id":"10","expires_at":"2019-06-22T21:01:55.326Z","expired":true,"multiple":false,"votes_count":1,"voted":false,"options":[{"title":"four
        twenty","votes_count":0},{"title":"sixty-nine","votes_count":1}],"emojis":[]}},{"id":"102317208722666774","created_at":"2019-06-22T20:51:45.373Z","in_reply_to_id":null,"in_reply_to_account_id":null,"sensitive":false,"spoiler_text":"","visibility":"public","language":"en","uri":"http://localhost/users/admin/statuses/102317208722666774","url":"http://localhost/@admin/102317208722666774","replies_count":0,"reblogs_count":0,"favourites_count":0,"favourited":false,"reblogged":false,"muted":false,"content":"\u003cp\u003eon
        the internet, nobody knows you\u0026apos;re a plane\u003c/p\u003e","reblog":null,"application":{"name":"Mastodon.py
        test suite","website":null},"account":{"id":"1","username":"admin","acct":"admin","display_name":"","locked":false,"bot":false,"created_at":"2019-06-22T12:42:50.096Z","note":"\u003cp\u003e\u003c/p\u003e","url":"http://localhost/@admin","avatar":"http://localhost/avatars/original/missing.png","avatar_static":"http://localhost/avatars/original/missing.png","header":"http://localhost/headers/original/missing.png","header_static":"http://localhost/headers/original/missing.png","followers_count":2,"following_count":1,"statuses_count":19,"emojis":[],"fields":[]},"media_attachments":[],"mentions":[],"tags":[],"emojis":[],"card":null,"poll":null},{"id":"102317208705780514","created_at":"2019-06-22T20:51:45.126Z","in_reply_to_id":null,"in_reply_to_account_id":null,"sensitive":false,"spoiler_text":"","visibility":"public","language":"en","uri":"http://localhost/users/admin/statuses/102317208705780514","url":"http://localhost/@admin/102317208705780514","replies_count":0,"reblogs_count":0,"favourites_count":0,"favourited":false,"reblogged":false,"muted":false,"content":"\u003cp\u003e@mastodonpy_test
        beep beep I\u0026apos;m a jeep\u003c/p\u003e","reblog":null,"application":{"name":"Mastodon.py
        test suite","website":null},"account":{"id":"1","username":"admin","acct":"admin","display_name":"","locked":false,"bot":false,"created_at":"2019-06-22T12:42:50.096Z","note":"\u003cp\u003e\u003c/p\u003e","url":"http://localhost/@admin","avatar":"http://localhost/avatars/original/missing.png","avatar_static":"http://localhost/avatars/original/missing.png","header":"http://localhost/headers/original/missing.png","header_static":"http://localhost/headers/original/missing.png","followers_count":2,"following_count":1,"statuses_count":19,"emojis":[],"fields":[]},"media_attachments":[],"mentions":[],"tags":[],"emojis":[],"card":null,"poll":null},{"id":"102317207061721268","created_at":"2019-06-22T20:51:20.029Z","in_reply_to_id":null,"in_reply_to_account_id":null,"sensitive":false,"spoiler_text":"","visibility":"public","language":"en","uri":"http://localhost/users/admin/statuses/102317207061721268","url":"http://localhost/@admin/102317207061721268","replies_count":0,"reblogs_count":0,"favourites_count":0,"favourited":false,"reblogged":false,"muted":false,"content":"\u003cp\u003enice\u003c/p\u003e","reblog":null,"application":{"name":"Mastodon.py
        test suite","website":null},"account":{"id":"1","username":"admin","acct":"admin","display_name":"","locked":false,"bot":false,"created_at":"2019-06-22T12:42:50.096Z","note":"\u003cp\u003e\u003c/p\u003e","url":"http://localhost/@admin","avatar":"http://localhost/avatars/original/missing.png","avatar_static":"http://localhost/avatars/original/missing.png","header":"http://localhost/headers/original/missing.png","header_static":"http://localhost/headers/original/missing.png","followers_count":2,"following_count":1,"statuses_count":19,"emojis":[],"fields":[]},"media_attachments":[],"mentions":[],"tags":[],"emojis":[],"card":null,"poll":{"id":"8","expires_at":"2019-06-22T20:56:20.021Z","expired":true,"multiple":false,"votes_count":1,"voted":false,"options":[{"title":"four
        twenty","votes_count":0},{"title":"sixty-nine","votes_count":1}],"emojis":[]}},{"id":"102315731321499069","created_at":"2019-06-22T14:36:02.020Z","in_reply_to_id":null,"in_reply_to_account_id":null,"sensitive":false,"spoiler_text":"","visibility":"public","language":"en","uri":"http://localhost/users/admin/statuses/102315731321499069","url":"http://localhost/@admin/102315731321499069","replies_count":0,"reblogs_count":0,"favourites_count":0,"favourited":false,"reblogged":false,"muted":false,"content":"\u003cp\u003enice\u003c/p\u003e","reblog":null,"application":{"name":"Mastodon.py
        test suite","website":null},"account":{"id":"1","username":"admin","acct":"admin","display_name":"","locked":false,"bot":false,"created_at":"2019-06-22T12:42:50.096Z","note":"\u003cp\u003e\u003c/p\u003e","url":"http://localhost/@admin","avatar":"http://localhost/avatars/original/missing.png","avatar_static":"http://localhost/avatars/original/missing.png","header":"http://localhost/headers/original/missing.png","header_static":"http://localhost/headers/original/missing.png","followers_count":2,"following_count":1,"statuses_count":19,"emojis":[],"fields":[]},"media_attachments":[],"mentions":[],"tags":[],"emojis":[],"card":null,"poll":{"id":"6","expires_at":"2019-06-22T14:41:02.013Z","expired":true,"multiple":false,"votes_count":1,"voted":false,"options":[{"title":"four
        twenty","votes_count":0},{"title":"sixty-nine","votes_count":1}],"emojis":[]}},{"id":"102315721511976574","created_at":"2019-06-22T14:33:32.338Z","in_reply_to_id":null,"in_reply_to_account_id":null,"sensitive":false,"spoiler_text":"","visibility":"public","language":"en","uri":"http://localhost/users/admin/statuses/102315721511976574","url":"http://localhost/@admin/102315721511976574","replies_count":0,"reblogs_count":0,"favourites_count":0,"favourited":false,"reblogged":false,"muted":false,"content":"\u003cp\u003enice\u003c/p\u003e","reblog":null,"application":{"name":"Mastodon.py
        test suite","website":null},"account":{"id":"1","username":"admin","acct":"admin","display_name":"","locked":false,"bot":false,"created_at":"2019-06-22T12:42:50.096Z","note":"\u003cp\u003e\u003c/p\u003e","url":"http://localhost/@admin","avatar":"http://localhost/avatars/original/missing.png","avatar_static":"http://localhost/avatars/original/missing.png","header":"http://localhost/headers/original/missing.png","header_static":"http://localhost/headers/original/missing.png","followers_count":2,"following_count":1,"statuses_count":19,"emojis":[],"fields":[]},"media_attachments":[],"mentions":[],"tags":[],"emojis":[],"card":null,"poll":{"id":"5","expires_at":"2019-06-22T14:38:32.332Z","expired":true,"multiple":false,"votes_count":1,"voted":false,"options":[{"title":"four
        twenty","votes_count":0},{"title":"sixty-nine","votes_count":1}],"emojis":[]}},{"id":"102315704890704658","created_at":"2019-06-22T14:29:18.718Z","in_reply_to_id":null,"in_reply_to_account_id":null,"sensitive":false,"spoiler_text":"","visibility":"public","language":"en","uri":"http://localhost/users/admin/statuses/102315704890704658","url":"http://localhost/@admin/102315704890704658","replies_count":0,"reblogs_count":0,"favourites_count":0,"favourited":false,"reblogged":false,"muted":false,"content":"\u003cp\u003enice\u003c/p\u003e","reblog":null,"application":{"name":"Mastodon.py
        test suite","website":null},"account":{"id":"1","username":"admin","acct":"admin","display_name":"","locked":false,"bot":false,"created_at":"2019-06-22T12:42:50.096Z","note":"\u003cp\u003e\u003c/p\u003e","url":"http://localhost/@admin","avatar":"http://localhost/avatars/original/missing.png","avatar_static":"http://localhost/avatars/original/missing.png","header":"http://localhost/headers/original/missing.png","header_static":"http://localhost/headers/original/missing.png","followers_count":2,"following_count":1,"statuses_count":19,"emojis":[],"fields":[]},"media_attachments":[],"mentions":[],"tags":[],"emojis":[],"card":null,"poll":{"id":"4","expires_at":"2019-06-22T14:34:18.711Z","expired":true,"multiple":false,"votes_count":1,"voted":false,"options":[{"title":"four
        twenty","votes_count":0},{"title":"sixty-nine","votes_count":1}],"emojis":[]}},{"id":"102315610217327506","created_at":"2019-06-22T14:05:14.134Z","in_reply_to_id":null,"in_reply_to_account_id":null,"sensitive":false,"spoiler_text":"","visibility":"public","language":"en","uri":"http://localhost/users/admin/statuses/102315610217327506","url":"http://localhost/@admin/102315610217327506","replies_count":0,"reblogs_count":0,"favourites_count":0,"favourited":false,"reblogged":false,"muted":false,"content":"\u003cp\u003enice\u003c/p\u003e","reblog":null,"application":{"name":"Mastodon.py
        test suite","website":null},"account":{"id":"1","username":"admin","acct":"admin","display_name":"","locked":false,"bot":false,"created_at":"2019-06-22T12:42:50.096Z","note":"\u003cp\u003e\u003c/p\u003e","url":"http://localhost/@admin","avatar":"http://localhost/avatars/original/missing.png","avatar_static":"http://localhost/avatars/original/missing.png","header":"http://localhost/headers/original/missing.png","header_static":"http://localhost/headers/original/missing.png","followers_count":2,"following_count":1,"statuses_count":19,"emojis":[],"fields":[]},"media_attachments":[],"mentions":[],"tags":[],"emojis":[],"card":null,"poll":{"id":"3","expires_at":"2019-06-22T14:10:14.119Z","expired":true,"multiple":false,"votes_count":1,"voted":false,"options":[{"title":"four
        twenty","votes_count":0},{"title":"sixty-nine","votes_count":1}],"emojis":[]}},{"id":"102315369541189753","created_at":"2019-06-22T13:04:01.698Z","in_reply_to_id":null,"in_reply_to_account_id":null,"sensitive":false,"spoiler_text":"","visibility":"public","language":"en","uri":"http://localhost/users/admin/statuses/102315369541189753","url":"http://localhost/@admin/102315369541189753","replies_count":0,"reblogs_count":0,"favourites_count":0,"favourited":false,"reblogged":false,"muted":false,"content":"\u003cp\u003eon
        the internet, nobody knows you\u0026apos;re a plane\u003c/p\u003e","reblog":null,"application":{"name":"Mastodon.py
        test suite","website":null},"account":{"id":"1","username":"admin","acct":"admin","display_name":"","locked":false,"bot":false,"created_at":"2019-06-22T12:42:50.096Z","note":"\u003cp\u003e\u003c/p\u003e","url":"http://localhost/@admin","avatar":"http://localhost/avatars/original/missing.png","avatar_static":"http://localhost/avatars/original/missing.png","header":"http://localhost/headers/original/missing.png","header_static":"http://localhost/headers/original/missing.png","followers_count":2,"following_count":1,"statuses_count":19,"emojis":[],"fields":[]},"media_attachments":[],"mentions":[],"tags":[],"emojis":[],"card":null,"poll":null},{"id":"102315369523202198","created_at":"2019-06-22T13:04:01.445Z","in_reply_to_id":null,"in_reply_to_account_id":null,"sensitive":false,"spoiler_text":"","visibility":"public","language":"en","uri":"http://localhost/users/admin/statuses/102315369523202198","url":"http://localhost/@admin/102315369523202198","replies_count":0,"reblogs_count":0,"favourites_count":0,"favourited":false,"reblogged":false,"muted":false,"content":"\u003cp\u003e@mastodonpy_test
        beep beep I\u0026apos;m a jeep\u003c/p\u003e","reblog":null,"application":{"name":"Mastodon.py
        test suite","website":null},"account":{"id":"1","username":"admin","acct":"admin","display_name":"","locked":false,"bot":false,"created_at":"2019-06-22T12:42:50.096Z","note":"\u003cp\u003e\u003c/p\u003e","url":"http://localhost/@admin","avatar":"http://localhost/avatars/original/missing.png","avatar_static":"http://localhost/avatars/original/missing.png","header":"http://localhost/headers/original/missing.png","header_static":"http://localhost/headers/original/missing.png","followers_count":2,"following_count":1,"statuses_count":19,"emojis":[],"fields":[]},"media_attachments":[],"mentions":[],"tags":[],"emojis":[],"card":null,"poll":null}]'}
    headers:
      Cache-Control: ['no-cache, no-store']
      Content-Type: [application/json; charset=utf-8]
      Link: ['<http://localhost:3000/api/v1/timelines/public?max_id=102315369523202198>;
          rel="next", <http://localhost:3000/api/v1/timelines/public?min_id=102317296671226611>;
          rel="prev"']
      Referrer-Policy: [strict-origin-when-cross-origin]
      Transfer-Encoding: [chunked]
      Vary: ['Accept-Encoding, Origin']
      X-Content-Type-Options: [nosniff]
      X-Download-Options: [noopen]
      X-Frame-Options: [SAMEORIGIN]
      X-Permitted-Cross-Domain-Policies: [none]
      X-Request-Id: [10a92deb-13c9-430d-b4c4-63d39e5460e8]
      X-Runtime: ['0.346677']
      X-XSS-Protection: [1; mode=block]
      content-length: ['26105']
    status: {code: 200, message: OK}
- request:
    body: null
    headers:
      Accept: ['*/*']
      Accept-Encoding: ['gzip, deflate']
      Authorization: [Bearer __MASTODON_PY_TEST_ACCESS_TOKEN]
      Connection: [keep-alive]
      User-Agent: [python-requests/2.18.4]
    method: GET
    uri: http://localhost:3000/api/v1/timelines/public?local=1
  response:
    body: {string: '[{"id":"102317296671226611","created_at":"2019-06-22T21:14:07.357Z","in_reply_to_id":null,"in_reply_to_account_id":null,"sensitive":false,"spoiler_text":"","visibility":"public","language":"ja","uri":"http://localhost/users/mastodonpy_test/statuses/102317296671226611","url":"http://localhost/@mastodonpy_test/102317296671226611","replies_count":0,"reblogs_count":0,"favourites_count":0,"favourited":false,"reblogged":false,"muted":false,"pinned":false,"content":"\u003cp\u003eToot!\u003c/p\u003e","reblog":null,"application":{"name":"Mastodon.py
        test suite","website":null},"account":{"id":"1234567890123456","username":"mastodonpy_test","acct":"mastodonpy_test","display_name":"","locked":false,"bot":false,"created_at":"2019-06-22T23:11:52.441Z","note":"\u003cp\u003e\u003c/p\u003e","url":"http://localhost/@mastodonpy_test","avatar":"http://localhost/avatars/original/missing.png","avatar_static":"http://localhost/avatars/original/missing.png","header":"http://localhost/headers/original/missing.png","header_static":"http://localhost/headers/original/missing.png","followers_count":0,"following_count":0,"statuses_count":2,"emojis":[],"fields":[]},"media_attachments":[],"mentions":[],"tags":[],"emojis":[],"card":null,"poll":null},{"id":"102317295313454223","created_at":"2019-06-22T21:13:46.644Z","in_reply_to_id":null,"in_reply_to_account_id":null,"sensitive":false,"spoiler_text":"","visibility":"public","language":"ja","uri":"http://localhost/users/mastodonpy_test/statuses/102317295313454223","url":"http://localhost/@mastodonpy_test/102317295313454223","replies_count":0,"reblogs_count":0,"favourites_count":0,"favourited":false,"reblogged":false,"muted":false,"pinned":false,"content":"\u003cp\u003eit\u0026apos;s
        cool guy\u003c/p\u003e","reblog":null,"application":{"name":"Mastodon.py test
        suite","website":null},"account":{"id":"1234567890123456","username":"mastodonpy_test","acct":"mastodonpy_test","display_name":"","locked":false,"bot":false,"created_at":"2019-06-22T23:11:52.441Z","note":"\u003cp\u003e\u003c/p\u003e","url":"http://localhost/@mastodonpy_test","avatar":"http://localhost/avatars/original/missing.png","avatar_static":"http://localhost/avatars/original/missing.png","header":"http://localhost/headers/original/missing.png","header_static":"http://localhost/headers/original/missing.png","followers_count":0,"following_count":0,"statuses_count":2,"emojis":[],"fields":[]},"media_attachments":[],"mentions":[],"tags":[],"emojis":[],"card":null,"poll":null},{"id":"102317294022170445","created_at":"2019-06-22T21:13:26.942Z","in_reply_to_id":null,"in_reply_to_account_id":null,"sensitive":false,"spoiler_text":"","visibility":"public","language":"en","uri":"http://localhost/users/admin/statuses/102317294022170445","url":"http://localhost/@admin/102317294022170445","replies_count":0,"reblogs_count":0,"favourites_count":0,"favourited":false,"reblogged":false,"muted":false,"content":"\u003cp\u003eon
        the internet, nobody knows you\u0026apos;re a plane\u003c/p\u003e","reblog":null,"application":{"name":"Mastodon.py
        test suite","website":null},"account":{"id":"1","username":"admin","acct":"admin","display_name":"","locked":false,"bot":false,"created_at":"2019-06-22T12:42:50.096Z","note":"\u003cp\u003e\u003c/p\u003e","url":"http://localhost/@admin","avatar":"http://localhost/avatars/original/missing.png","avatar_static":"http://localhost/avatars/original/missing.png","header":"http://localhost/headers/original/missing.png","header_static":"http://localhost/headers/original/missing.png","followers_count":2,"following_count":1,"statuses_count":19,"emojis":[],"fields":[]},"media_attachments":[],"mentions":[],"tags":[],"emojis":[],"card":null,"poll":null},{"id":"102317294005876209","created_at":"2019-06-22T21:13:26.706Z","in_reply_to_id":null,"in_reply_to_account_id":null,"sensitive":false,"spoiler_text":"","visibility":"public","language":"en","uri":"http://localhost/users/admin/statuses/102317294005876209","url":"http://localhost/@admin/102317294005876209","replies_count":0,"reblogs_count":0,"favourites_count":0,"favourited":false,"reblogged":false,"muted":false,"content":"\u003cp\u003e\u003cspan
        class=\"h-card\"\u003e\u003ca href=\"http://localhost/@mastodonpy_test\" class=\"u-url
        mention\"\u003e@\u003cspan\u003emastodonpy_test\u003c/span\u003e\u003c/a\u003e\u003c/span\u003e
        beep beep I\u0026apos;m a jeep\u003c/p\u003e","reblog":null,"application":{"name":"Mastodon.py
        test suite","website":null},"account":{"id":"1","username":"admin","acct":"admin","display_name":"","locked":false,"bot":false,"created_at":"2019-06-22T12:42:50.096Z","note":"\u003cp\u003e\u003c/p\u003e","url":"http://localhost/@admin","avatar":"http://localhost/avatars/original/missing.png","avatar_static":"http://localhost/avatars/original/missing.png","header":"http://localhost/headers/original/missing.png","header_static":"http://localhost/headers/original/missing.png","followers_count":2,"following_count":1,"statuses_count":19,"emojis":[],"fields":[]},"media_attachments":[],"mentions":[{"id":"1234567890123456","username":"mastodonpy_test","url":"http://localhost/@mastodonpy_test","acct":"mastodonpy_test"}],"tags":[],"emojis":[],"card":null,"poll":null},{"id":"102317292327454763","created_at":"2019-06-22T21:13:01.083Z","in_reply_to_id":null,"in_reply_to_account_id":null,"sensitive":false,"spoiler_text":"","visibility":"public","language":"en","uri":"http://localhost/users/admin/statuses/102317292327454763","url":"http://localhost/@admin/102317292327454763","replies_count":0,"reblogs_count":0,"favourites_count":0,"favourited":false,"reblogged":false,"muted":false,"content":"\u003cp\u003enice\u003c/p\u003e","reblog":null,"application":{"name":"Mastodon.py
        test suite","website":null},"account":{"id":"1","username":"admin","acct":"admin","display_name":"","locked":false,"bot":false,"created_at":"2019-06-22T12:42:50.096Z","note":"\u003cp\u003e\u003c/p\u003e","url":"http://localhost/@admin","avatar":"http://localhost/avatars/original/missing.png","avatar_static":"http://localhost/avatars/original/missing.png","header":"http://localhost/headers/original/missing.png","header_static":"http://localhost/headers/original/missing.png","followers_count":2,"following_count":1,"statuses_count":19,"emojis":[],"fields":[]},"media_attachments":[],"mentions":[],"tags":[],"emojis":[],"card":null,"poll":{"id":"16","expires_at":"2019-06-22T21:18:01.074Z","expired":false,"multiple":false,"votes_count":1,"voted":true,"options":[{"title":"four
        twenty","votes_count":0},{"title":"sixty-nine","votes_count":1}],"emojis":[]}},{"id":"102317281903571697","created_at":"2019-06-22T21:10:22.023Z","in_reply_to_id":null,"in_reply_to_account_id":null,"sensitive":false,"spoiler_text":"","visibility":"public","language":"en","uri":"http://localhost/users/admin/statuses/102317281903571697","url":"http://localhost/@admin/102317281903571697","replies_count":0,"reblogs_count":0,"favourites_count":0,"favourited":false,"reblogged":false,"muted":false,"content":"\u003cp\u003enice\u003c/p\u003e","reblog":null,"application":{"name":"Mastodon.py
        test suite","website":null},"account":{"id":"1","username":"admin","acct":"admin","display_name":"","locked":false,"bot":false,"created_at":"2019-06-22T12:42:50.096Z","note":"\u003cp\u003e\u003c/p\u003e","url":"http://localhost/@admin","avatar":"http://localhost/avatars/original/missing.png","avatar_static":"http://localhost/avatars/original/missing.png","header":"http://localhost/headers/original/missing.png","header_static":"http://localhost/headers/original/missing.png","followers_count":2,"following_count":1,"statuses_count":19,"emojis":[],"fields":[]},"media_attachments":[],"mentions":[],"tags":[],"emojis":[],"card":null,"poll":{"id":"14","expires_at":"2019-06-22T21:15:22.016Z","expired":false,"multiple":false,"votes_count":0,"voted":false,"options":[{"title":"four
        twenty","votes_count":0},{"title":"sixty-nine","votes_count":0}],"emojis":[]}},{"id":"102317281876282428","created_at":"2019-06-22T21:10:21.614Z","in_reply_to_id":null,"in_reply_to_account_id":null,"sensitive":false,"spoiler_text":"","visibility":"public","language":"en","uri":"http://localhost/users/admin/statuses/102317281876282428","url":"http://localhost/@admin/102317281876282428","replies_count":0,"reblogs_count":0,"favourites_count":0,"favourited":false,"reblogged":false,"muted":false,"content":"\u003cp\u003enice\u003c/p\u003e","reblog":null,"application":{"name":"Mastodon.py
        test suite","website":null},"account":{"id":"1","username":"admin","acct":"admin","display_name":"","locked":false,"bot":false,"created_at":"2019-06-22T12:42:50.096Z","note":"\u003cp\u003e\u003c/p\u003e","url":"http://localhost/@admin","avatar":"http://localhost/avatars/original/missing.png","avatar_static":"http://localhost/avatars/original/missing.png","header":"http://localhost/headers/original/missing.png","header_static":"http://localhost/headers/original/missing.png","followers_count":2,"following_count":1,"statuses_count":19,"emojis":[],"fields":[]},"media_attachments":[],"mentions":[],"tags":[],"emojis":[],"card":null,"poll":{"id":"13","expires_at":"2019-06-22T21:15:21.605Z","expired":false,"multiple":true,"votes_count":0,"voted":false,"options":[{"title":"four
        twenty","votes_count":0},{"title":"sixty-nine","votes_count":0}],"emojis":[]}},{"id":"102317274400998453","created_at":"2019-06-22T21:08:27.546Z","in_reply_to_id":null,"in_reply_to_account_id":null,"sensitive":false,"spoiler_text":"","visibility":"public","language":"en","uri":"http://localhost/users/admin/statuses/102317274400998453","url":"http://localhost/@admin/102317274400998453","replies_count":0,"reblogs_count":0,"favourites_count":0,"favourited":false,"reblogged":false,"muted":false,"content":"\u003cp\u003eon
        the internet, nobody knows you\u0026apos;re a plane\u003c/p\u003e","reblog":null,"application":{"name":"Mastodon.py
        test suite","website":null},"account":{"id":"1","username":"admin","acct":"admin","display_name":"","locked":false,"bot":false,"created_at":"2019-06-22T12:42:50.096Z","note":"\u003cp\u003e\u003c/p\u003e","url":"http://localhost/@admin","avatar":"http://localhost/avatars/original/missing.png","avatar_static":"http://localhost/avatars/original/missing.png","header":"http://localhost/headers/original/missing.png","header_static":"http://localhost/headers/original/missing.png","followers_count":2,"following_count":1,"statuses_count":19,"emojis":[],"fields":[]},"media_attachments":[],"mentions":[],"tags":[],"emojis":[],"card":null,"poll":null},{"id":"102317274389405147","created_at":"2019-06-22T21:08:27.368Z","in_reply_to_id":null,"in_reply_to_account_id":null,"sensitive":false,"spoiler_text":"","visibility":"public","language":"en","uri":"http://localhost/users/admin/statuses/102317274389405147","url":"http://localhost/@admin/102317274389405147","replies_count":0,"reblogs_count":0,"favourites_count":0,"favourited":false,"reblogged":false,"muted":false,"content":"\u003cp\u003e@mastodonpy_test
        beep beep I\u0026apos;m a jeep\u003c/p\u003e","reblog":null,"application":{"name":"Mastodon.py
        test suite","website":null},"account":{"id":"1","username":"admin","acct":"admin","display_name":"","locked":false,"bot":false,"created_at":"2019-06-22T12:42:50.096Z","note":"\u003cp\u003e\u003c/p\u003e","url":"http://localhost/@admin","avatar":"http://localhost/avatars/original/missing.png","avatar_static":"http://localhost/avatars/original/missing.png","header":"http://localhost/headers/original/missing.png","header_static":"http://localhost/headers/original/missing.png","followers_count":2,"following_count":1,"statuses_count":19,"emojis":[],"fields":[]},"media_attachments":[],"mentions":[],"tags":[],"emojis":[],"card":null,"poll":null},{"id":"102317272714473378","created_at":"2019-06-22T21:08:01.815Z","in_reply_to_id":null,"in_reply_to_account_id":null,"sensitive":false,"spoiler_text":"","visibility":"public","language":"en","uri":"http://localhost/users/admin/statuses/102317272714473378","url":"http://localhost/@admin/102317272714473378","replies_count":0,"reblogs_count":0,"favourites_count":0,"favourited":false,"reblogged":false,"muted":false,"content":"\u003cp\u003enice\u003c/p\u003e","reblog":null,"application":{"name":"Mastodon.py
        test suite","website":null},"account":{"id":"1","username":"admin","acct":"admin","display_name":"","locked":false,"bot":false,"created_at":"2019-06-22T12:42:50.096Z","note":"\u003cp\u003e\u003c/p\u003e","url":"http://localhost/@admin","avatar":"http://localhost/avatars/original/missing.png","avatar_static":"http://localhost/avatars/original/missing.png","header":"http://localhost/headers/original/missing.png","header_static":"http://localhost/headers/original/missing.png","followers_count":2,"following_count":1,"statuses_count":19,"emojis":[],"fields":[]},"media_attachments":[],"mentions":[],"tags":[],"emojis":[],"card":null,"poll":{"id":"12","expires_at":"2019-06-22T21:13:01.805Z","expired":true,"multiple":false,"votes_count":1,"voted":false,"options":[{"title":"four
        twenty","votes_count":0},{"title":"sixty-nine","votes_count":1}],"emojis":[]}},{"id":"102317229036335245","created_at":"2019-06-22T20:56:55.333Z","in_reply_to_id":null,"in_reply_to_account_id":null,"sensitive":false,"spoiler_text":"","visibility":"public","language":"en","uri":"http://localhost/users/admin/statuses/102317229036335245","url":"http://localhost/@admin/102317229036335245","replies_count":0,"reblogs_count":0,"favourites_count":0,"favourited":false,"reblogged":false,"muted":false,"content":"\u003cp\u003enice\u003c/p\u003e","reblog":null,"application":{"name":"Mastodon.py
        test suite","website":null},"account":{"id":"1","username":"admin","acct":"admin","display_name":"","locked":false,"bot":false,"created_at":"2019-06-22T12:42:50.096Z","note":"\u003cp\u003e\u003c/p\u003e","url":"http://localhost/@admin","avatar":"http://localhost/avatars/original/missing.png","avatar_static":"http://localhost/avatars/original/missing.png","header":"http://localhost/headers/original/missing.png","header_static":"http://localhost/headers/original/missing.png","followers_count":2,"following_count":1,"statuses_count":19,"emojis":[],"fields":[]},"media_attachments":[],"mentions":[],"tags":[],"emojis":[],"card":null,"poll":{"id":"10","expires_at":"2019-06-22T21:01:55.326Z","expired":true,"multiple":false,"votes_count":1,"voted":false,"options":[{"title":"four
        twenty","votes_count":0},{"title":"sixty-nine","votes_count":1}],"emojis":[]}},{"id":"102317208722666774","created_at":"2019-06-22T20:51:45.373Z","in_reply_to_id":null,"in_reply_to_account_id":null,"sensitive":false,"spoiler_text":"","visibility":"public","language":"en","uri":"http://localhost/users/admin/statuses/102317208722666774","url":"http://localhost/@admin/102317208722666774","replies_count":0,"reblogs_count":0,"favourites_count":0,"favourited":false,"reblogged":false,"muted":false,"content":"\u003cp\u003eon
        the internet, nobody knows you\u0026apos;re a plane\u003c/p\u003e","reblog":null,"application":{"name":"Mastodon.py
        test suite","website":null},"account":{"id":"1","username":"admin","acct":"admin","display_name":"","locked":false,"bot":false,"created_at":"2019-06-22T12:42:50.096Z","note":"\u003cp\u003e\u003c/p\u003e","url":"http://localhost/@admin","avatar":"http://localhost/avatars/original/missing.png","avatar_static":"http://localhost/avatars/original/missing.png","header":"http://localhost/headers/original/missing.png","header_static":"http://localhost/headers/original/missing.png","followers_count":2,"following_count":1,"statuses_count":19,"emojis":[],"fields":[]},"media_attachments":[],"mentions":[],"tags":[],"emojis":[],"card":null,"poll":null},{"id":"102317208705780514","created_at":"2019-06-22T20:51:45.126Z","in_reply_to_id":null,"in_reply_to_account_id":null,"sensitive":false,"spoiler_text":"","visibility":"public","language":"en","uri":"http://localhost/users/admin/statuses/102317208705780514","url":"http://localhost/@admin/102317208705780514","replies_count":0,"reblogs_count":0,"favourites_count":0,"favourited":false,"reblogged":false,"muted":false,"content":"\u003cp\u003e@mastodonpy_test
        beep beep I\u0026apos;m a jeep\u003c/p\u003e","reblog":null,"application":{"name":"Mastodon.py
        test suite","website":null},"account":{"id":"1","username":"admin","acct":"admin","display_name":"","locked":false,"bot":false,"created_at":"2019-06-22T12:42:50.096Z","note":"\u003cp\u003e\u003c/p\u003e","url":"http://localhost/@admin","avatar":"http://localhost/avatars/original/missing.png","avatar_static":"http://localhost/avatars/original/missing.png","header":"http://localhost/headers/original/missing.png","header_static":"http://localhost/headers/original/missing.png","followers_count":2,"following_count":1,"statuses_count":19,"emojis":[],"fields":[]},"media_attachments":[],"mentions":[],"tags":[],"emojis":[],"card":null,"poll":null},{"id":"102317207061721268","created_at":"2019-06-22T20:51:20.029Z","in_reply_to_id":null,"in_reply_to_account_id":null,"sensitive":false,"spoiler_text":"","visibility":"public","language":"en","uri":"http://localhost/users/admin/statuses/102317207061721268","url":"http://localhost/@admin/102317207061721268","replies_count":0,"reblogs_count":0,"favourites_count":0,"favourited":false,"reblogged":false,"muted":false,"content":"\u003cp\u003enice\u003c/p\u003e","reblog":null,"application":{"name":"Mastodon.py
        test suite","website":null},"account":{"id":"1","username":"admin","acct":"admin","display_name":"","locked":false,"bot":false,"created_at":"2019-06-22T12:42:50.096Z","note":"\u003cp\u003e\u003c/p\u003e","url":"http://localhost/@admin","avatar":"http://localhost/avatars/original/missing.png","avatar_static":"http://localhost/avatars/original/missing.png","header":"http://localhost/headers/original/missing.png","header_static":"http://localhost/headers/original/missing.png","followers_count":2,"following_count":1,"statuses_count":19,"emojis":[],"fields":[]},"media_attachments":[],"mentions":[],"tags":[],"emojis":[],"card":null,"poll":{"id":"8","expires_at":"2019-06-22T20:56:20.021Z","expired":true,"multiple":false,"votes_count":1,"voted":false,"options":[{"title":"four
        twenty","votes_count":0},{"title":"sixty-nine","votes_count":1}],"emojis":[]}},{"id":"102315731321499069","created_at":"2019-06-22T14:36:02.020Z","in_reply_to_id":null,"in_reply_to_account_id":null,"sensitive":false,"spoiler_text":"","visibility":"public","language":"en","uri":"http://localhost/users/admin/statuses/102315731321499069","url":"http://localhost/@admin/102315731321499069","replies_count":0,"reblogs_count":0,"favourites_count":0,"favourited":false,"reblogged":false,"muted":false,"content":"\u003cp\u003enice\u003c/p\u003e","reblog":null,"application":{"name":"Mastodon.py
        test suite","website":null},"account":{"id":"1","username":"admin","acct":"admin","display_name":"","locked":false,"bot":false,"created_at":"2019-06-22T12:42:50.096Z","note":"\u003cp\u003e\u003c/p\u003e","url":"http://localhost/@admin","avatar":"http://localhost/avatars/original/missing.png","avatar_static":"http://localhost/avatars/original/missing.png","header":"http://localhost/headers/original/missing.png","header_static":"http://localhost/headers/original/missing.png","followers_count":2,"following_count":1,"statuses_count":19,"emojis":[],"fields":[]},"media_attachments":[],"mentions":[],"tags":[],"emojis":[],"card":null,"poll":{"id":"6","expires_at":"2019-06-22T14:41:02.013Z","expired":true,"multiple":false,"votes_count":1,"voted":false,"options":[{"title":"four
        twenty","votes_count":0},{"title":"sixty-nine","votes_count":1}],"emojis":[]}},{"id":"102315721511976574","created_at":"2019-06-22T14:33:32.338Z","in_reply_to_id":null,"in_reply_to_account_id":null,"sensitive":false,"spoiler_text":"","visibility":"public","language":"en","uri":"http://localhost/users/admin/statuses/102315721511976574","url":"http://localhost/@admin/102315721511976574","replies_count":0,"reblogs_count":0,"favourites_count":0,"favourited":false,"reblogged":false,"muted":false,"content":"\u003cp\u003enice\u003c/p\u003e","reblog":null,"application":{"name":"Mastodon.py
        test suite","website":null},"account":{"id":"1","username":"admin","acct":"admin","display_name":"","locked":false,"bot":false,"created_at":"2019-06-22T12:42:50.096Z","note":"\u003cp\u003e\u003c/p\u003e","url":"http://localhost/@admin","avatar":"http://localhost/avatars/original/missing.png","avatar_static":"http://localhost/avatars/original/missing.png","header":"http://localhost/headers/original/missing.png","header_static":"http://localhost/headers/original/missing.png","followers_count":2,"following_count":1,"statuses_count":19,"emojis":[],"fields":[]},"media_attachments":[],"mentions":[],"tags":[],"emojis":[],"card":null,"poll":{"id":"5","expires_at":"2019-06-22T14:38:32.332Z","expired":true,"multiple":false,"votes_count":1,"voted":false,"options":[{"title":"four
        twenty","votes_count":0},{"title":"sixty-nine","votes_count":1}],"emojis":[]}},{"id":"102315704890704658","created_at":"2019-06-22T14:29:18.718Z","in_reply_to_id":null,"in_reply_to_account_id":null,"sensitive":false,"spoiler_text":"","visibility":"public","language":"en","uri":"http://localhost/users/admin/statuses/102315704890704658","url":"http://localhost/@admin/102315704890704658","replies_count":0,"reblogs_count":0,"favourites_count":0,"favourited":false,"reblogged":false,"muted":false,"content":"\u003cp\u003enice\u003c/p\u003e","reblog":null,"application":{"name":"Mastodon.py
        test suite","website":null},"account":{"id":"1","username":"admin","acct":"admin","display_name":"","locked":false,"bot":false,"created_at":"2019-06-22T12:42:50.096Z","note":"\u003cp\u003e\u003c/p\u003e","url":"http://localhost/@admin","avatar":"http://localhost/avatars/original/missing.png","avatar_static":"http://localhost/avatars/original/missing.png","header":"http://localhost/headers/original/missing.png","header_static":"http://localhost/headers/original/missing.png","followers_count":2,"following_count":1,"statuses_count":19,"emojis":[],"fields":[]},"media_attachments":[],"mentions":[],"tags":[],"emojis":[],"card":null,"poll":{"id":"4","expires_at":"2019-06-22T14:34:18.711Z","expired":true,"multiple":false,"votes_count":1,"voted":false,"options":[{"title":"four
        twenty","votes_count":0},{"title":"sixty-nine","votes_count":1}],"emojis":[]}},{"id":"102315610217327506","created_at":"2019-06-22T14:05:14.134Z","in_reply_to_id":null,"in_reply_to_account_id":null,"sensitive":false,"spoiler_text":"","visibility":"public","language":"en","uri":"http://localhost/users/admin/statuses/102315610217327506","url":"http://localhost/@admin/102315610217327506","replies_count":0,"reblogs_count":0,"favourites_count":0,"favourited":false,"reblogged":false,"muted":false,"content":"\u003cp\u003enice\u003c/p\u003e","reblog":null,"application":{"name":"Mastodon.py
        test suite","website":null},"account":{"id":"1","username":"admin","acct":"admin","display_name":"","locked":false,"bot":false,"created_at":"2019-06-22T12:42:50.096Z","note":"\u003cp\u003e\u003c/p\u003e","url":"http://localhost/@admin","avatar":"http://localhost/avatars/original/missing.png","avatar_static":"http://localhost/avatars/original/missing.png","header":"http://localhost/headers/original/missing.png","header_static":"http://localhost/headers/original/missing.png","followers_count":2,"following_count":1,"statuses_count":19,"emojis":[],"fields":[]},"media_attachments":[],"mentions":[],"tags":[],"emojis":[],"card":null,"poll":{"id":"3","expires_at":"2019-06-22T14:10:14.119Z","expired":true,"multiple":false,"votes_count":1,"voted":false,"options":[{"title":"four
        twenty","votes_count":0},{"title":"sixty-nine","votes_count":1}],"emojis":[]}},{"id":"102315369541189753","created_at":"2019-06-22T13:04:01.698Z","in_reply_to_id":null,"in_reply_to_account_id":null,"sensitive":false,"spoiler_text":"","visibility":"public","language":"en","uri":"http://localhost/users/admin/statuses/102315369541189753","url":"http://localhost/@admin/102315369541189753","replies_count":0,"reblogs_count":0,"favourites_count":0,"favourited":false,"reblogged":false,"muted":false,"content":"\u003cp\u003eon
        the internet, nobody knows you\u0026apos;re a plane\u003c/p\u003e","reblog":null,"application":{"name":"Mastodon.py
        test suite","website":null},"account":{"id":"1","username":"admin","acct":"admin","display_name":"","locked":false,"bot":false,"created_at":"2019-06-22T12:42:50.096Z","note":"\u003cp\u003e\u003c/p\u003e","url":"http://localhost/@admin","avatar":"http://localhost/avatars/original/missing.png","avatar_static":"http://localhost/avatars/original/missing.png","header":"http://localhost/headers/original/missing.png","header_static":"http://localhost/headers/original/missing.png","followers_count":2,"following_count":1,"statuses_count":19,"emojis":[],"fields":[]},"media_attachments":[],"mentions":[],"tags":[],"emojis":[],"card":null,"poll":null},{"id":"102315369523202198","created_at":"2019-06-22T13:04:01.445Z","in_reply_to_id":null,"in_reply_to_account_id":null,"sensitive":false,"spoiler_text":"","visibility":"public","language":"en","uri":"http://localhost/users/admin/statuses/102315369523202198","url":"http://localhost/@admin/102315369523202198","replies_count":0,"reblogs_count":0,"favourites_count":0,"favourited":false,"reblogged":false,"muted":false,"content":"\u003cp\u003e@mastodonpy_test
        beep beep I\u0026apos;m a jeep\u003c/p\u003e","reblog":null,"application":{"name":"Mastodon.py
        test suite","website":null},"account":{"id":"1","username":"admin","acct":"admin","display_name":"","locked":false,"bot":false,"created_at":"2019-06-22T12:42:50.096Z","note":"\u003cp\u003e\u003c/p\u003e","url":"http://localhost/@admin","avatar":"http://localhost/avatars/original/missing.png","avatar_static":"http://localhost/avatars/original/missing.png","header":"http://localhost/headers/original/missing.png","header_static":"http://localhost/headers/original/missing.png","followers_count":2,"following_count":1,"statuses_count":19,"emojis":[],"fields":[]},"media_attachments":[],"mentions":[],"tags":[],"emojis":[],"card":null,"poll":null}]'}
    headers:
      Cache-Control: ['no-cache, no-store']
      Content-Type: [application/json; charset=utf-8]
      Link: ['<http://localhost:3000/api/v1/timelines/public?local=1&max_id=102315369523202198>;
          rel="next", <http://localhost:3000/api/v1/timelines/public?local=1&min_id=102317296671226611>;
          rel="prev"']
      Referrer-Policy: [strict-origin-when-cross-origin]
      Transfer-Encoding: [chunked]
      Vary: ['Accept-Encoding, Origin']
      X-Content-Type-Options: [nosniff]
      X-Download-Options: [noopen]
      X-Frame-Options: [SAMEORIGIN]
      X-Permitted-Cross-Domain-Policies: [none]
      X-Request-Id: [a5efb76d-09ff-4edf-aa83-3374c1c8ab00]
      X-Runtime: ['0.316525']
      X-XSS-Protection: [1; mode=block]
      content-length: ['26105']
    status: {code: 200, message: OK}
- request:
    body: null
    headers:
      Accept: ['*/*']
      Accept-Encoding: ['gzip, deflate']
      Authorization: [Bearer __MASTODON_PY_TEST_ACCESS_TOKEN]
      Connection: [keep-alive]
      Content-Length: ['0']
      User-Agent: [python-requests/2.18.4]
    method: DELETE
    uri: http://localhost:3000/api/v1/statuses/102317296671226611
  response:
    body: {string: '{"id":"102317296671226611","created_at":"2019-06-22T21:14:07.357Z","in_reply_to_id":null,"in_reply_to_account_id":null,"sensitive":false,"spoiler_text":"","visibility":"public","language":"ja","uri":"http://localhost/users/mastodonpy_test/statuses/102317296671226611","url":"http://localhost/@mastodonpy_test/102317296671226611","replies_count":0,"reblogs_count":0,"favourites_count":0,"favourited":false,"reblogged":false,"muted":false,"pinned":false,"text":"Toot!","reblog":null,"application":{"name":"Mastodon.py
        test suite","website":null},"account":{"id":"1234567890123456","username":"mastodonpy_test","acct":"mastodonpy_test","display_name":"","locked":false,"bot":false,"created_at":"2019-06-22T23:11:52.441Z","note":"\u003cp\u003e\u003c/p\u003e","url":"http://localhost/@mastodonpy_test","avatar":"http://localhost/avatars/original/missing.png","avatar_static":"http://localhost/avatars/original/missing.png","header":"http://localhost/headers/original/missing.png","header_static":"http://localhost/headers/original/missing.png","followers_count":0,"following_count":0,"statuses_count":2,"emojis":[],"fields":[]},"media_attachments":[],"mentions":[],"tags":[],"emojis":[],"card":null,"poll":null}'}
    headers:
      Cache-Control: ['no-cache, no-store']
      Content-Type: [application/json; charset=utf-8]
      Referrer-Policy: [strict-origin-when-cross-origin]
      Transfer-Encoding: [chunked]
      Vary: ['Accept-Encoding, Origin']
      X-Content-Type-Options: [nosniff]
      X-Download-Options: [noopen]
      X-Frame-Options: [SAMEORIGIN]
      X-Permitted-Cross-Domain-Policies: [none]
      X-Request-Id: [bf517b08-f206-43f4-abe1-1b5a7032424e]
      X-Runtime: ['0.094180']
      X-XSS-Protection: [1; mode=block]
      content-length: ['1206']
    status: {code: 200, message: OK}
version: 1
